EXCEPTION: 
AGGREGATE ERRORS:
  - ECONNREFUSED: connect ECONNREFUSED ::1:3306
  - ECONNREFUSED: connect ECONNREFUSED 127.0.0.1:3306
STACK: AggregateError: 
    at C:\Users\techn\Documents\finacel\backend\test-login.js:8:25
    at Object.<anonymous> (C:\Users\techn\Documents\finacel\backend\test-login.js:30:3)
    at Module._compile (node:internal/modules/cjs/loader:1830:14)
    at Object..js (node:internal/modules/cjs/loader:1961:10)
    at Module.load (node:internal/modules/cjs/loader:1553:32)
    at Module._load (node:internal/modules/cjs/loader:1355:12)
    at wrapModuleLoad (node:internal/modules/cjs/loader:255:19)
    at Module.executeUserEntryPoint [as runMain] (node:internal/modules/run_main:154:5)
    at node:internal/main/run_main_module:33:47